
basename
========

With file_path = /a/b/c/myfile.extension
{{ file_path|basename }} = myfile.extension

dirname
=======

With file_path = /a/b/c/myfile.extension
{{ file_path|dirname }} = /a/b/c

multiply
========
With val50 = 50
{{ val50|multiply:1024 }} = 51200

With valstar = '*'
{{ valstar|multiply:5 }} = *****
